


ARM Macro Assembler    Page 1 


    1 00000000                 AREA             codigoOPT, CODE, READONLY
    2 00000000                 EXPORT           dense_layer_q12_ARM_OPT
    3 00000000         
    4 00000000         dense_layer_q12_ARM_OPT
    5 00000000 E92D4FF0        STMDB            r13!, {r4-r11, LR} ; Añadiremos
                                                             en pila desde r4 a
                                                             r7 los valores de 
                                                            los registros parám
                                                            etro (r0-r3), el re
                                                            sto de parámetros q
                                                            ue no caben entre r
                                                            0 y r3 y las variab
                                                            les checksum y o 
    6 00000004 E28DD024        ADD              r13, r13, #36
    7 00000008 E1A0A001        mov              r10, r1     ; weights
    8 0000000C E1A0B002        mov              r11, r2     ; bias
    9 00000010 E8BD0014        LDMIA            SP!, {r2, r4} ; inputSize, outp
                                                            utSize
   10 00000014 E1A0C003        MOV              r12, r3     ;resultado
   11 00000018 E3A09000        mov              r9, #0      ; checksum = 0
   12 0000001C         ;r0 = input; r1 = libre; r2 = INPUT SIZE; r3 = libre; r4
                        = outputSize; r5-r8 = libre; r9 = checksum; 
   13 0000001C         ;r10 = weigths; r11 = bias; r12 = output; r13 = SP; r14 
                       = libre;
   14 0000001C E3540000        CMP              r4, #0      ;comprobacion trivi
                                                            al, pero no está ma
                                                            l seguir el codigo 
                                                            en C
   15 00000020 DA00001E        BLE              finDense
   16 00000024         iniDense
   17 00000024 E0DB30F2        LDRSH            r3, [r11], #2 ;Cargamos el bias
                                                            , siempre de #2 en 
                                                            #2, nos da igual ma
                                                            ntener el vector en
                                                            tre neuronas
   18 00000028 E3520000        CMP              r2, #0      ;Compramos igual qu
                                                            e con el iterador d
                                                            e Dense, pero ahora
                                                             es INPUT_SIZE
   19 0000002C E1A01002        MOV              r1, r2      ;Como INPUT_SIZE lo
                                                             queremos mantener 
                                                            entre iteraciones d
                                                            e neuronas, hay que
                                                             guardarlo, y SP es
                                                            ta jodido ahora mis
                                                            mo
   20 00000030 DA00000C        BLE              finNeuron
   21 00000034 E1A03603        LSL              r3, r3, #12 ; Bias << QSHIFT
   22 00000038         iniNeuron
   23 00000038 E4905004        LDR              r5, [r0], #4 ;Cargamos dos valo
                                                            res de golpe de inp
                                                            ut(luego restauramo
                                                            s input)
   24 0000003C E49A7004        LDR              r7, [r10], #4 ;Cargamos dos val
                                                            ores de golpe de we
                                                            igths(se va acumula
                                                            ndo el offset)
   25 00000040         ;Libres hasta este punto, r6, r8, pero r6 y r8 ahora se 
                       rellenaran



ARM Macro Assembler    Page 2 


   26 00000040 E1A06845        MOV              r6, r5, ASR #16 ;Separamos los 
                                                            dos short int de in
                                                            put (1/3)
   27 00000044 E1A05805        LSL              r5, r5, #16 ;Separamos los dos 
                                                            short int de input 
                                                            (2/3)
   28 00000048 E1A08847        MOV              r8, r7, ASR #16 ;Separamos los 
                                                            dos short int de we
                                                            igths (1/3)
   29 0000004C E1A07807        LSL              r7, r7, #16 ;Separamos los dos 
                                                            short int de weigth
                                                            s (2/3)
   30 00000050 E1A05845        ASR              r5, r5, #16 ;Separamos los dos 
                                                            short int de input 
                                                            (3/3)
   31 00000054 E0233896        MLA              r3, r6, r8, r3 ;input[i+1]*weig
                                                            ths[i+1] + acc
   32 00000058 E1A07847        ASR              r7, r7, #16 ;Separamos los dos 
                                                            short int de weigth
                                                            s (3/3)
   33 0000005C E2522002        SUBS             r2, r2, #2  ;MLA no actualiza f
                                                            lags, asi que esto 
                                                            todavia es util, re
                                                            star a INPUT-SIZE 2
                                                            
   34 00000060 E0233795        MLA              r3, r5, r7, r3 ;input[i]*weigth
                                                            s[i] + acc
   35 00000064 8AFFFFF3        BHI              iniNeuron   ;Salta al inicio si
                                                             INPUT_Size > 0
   36 00000068         finNeuron
   37 00000068 E89D0060        LDMIA            SP, {r5, r6} ; min y max
   38 0000006C E0400081        SUB              r0, r0, r1, LSL #1 ;Recuperamos
                                                             direccion inicial 
                                                            de INPUT, en funcio
                                                            n del numero de vec
                                                            es que hemos increm
                                                            entado #2
   39 00000070 E1A02001        MOV              r2, r1      ;Recuperamos INPUT_
                                                            SIZE
   40 00000074 E1A03643        ASR              r3, r3, #12
   41 00000078         
   42 00000078 E1530005        cmp              r3, r5      ;r3 es el acc, r5 e
                                                            s el min
   43 0000007C B1A03005        movlt            r3, r5      ; if (x < clamp_min
                                                            ) x = clamp_min
   44 00000080 C1530006        cmpgt            r3, r6      ; y r6 es el max
   45 00000084 C1A03006        movgt            r3, r6      ; if (x > clamp_max
                                                            ) x = clamp_max
   46 00000088         
   47 00000088         ;ahora ha acabado el codigo de la neurona, y continua el
                        dense_layer
   48 00000088         ;en r3 tenemos el resultado
   49 00000088         ;r0 = vector input intacto; r1 = ahora es inutil; r2 = I
                       NPUT_SIZE; r3 = resultadoNeurona
   50 00000088         ;r4 = OUTPUT_SIZE(iterador de dense_layer); r5-r8 = libr
                       e; r9 = checksum
   51 00000088         ;r10 = weigths(offset acumulado); r11 = bias(offset acum
                       ulado con cada DENSELAYER)
   52 00000088         ;r12 = resultado(offset acumulado con cada DENSELAYER); 



ARM Macro Assembler    Page 3 


                       r13 = clamp_min; r14 = clamp_max
   53 00000088 E0CC30B2        STRH             r3, [r12], #2
   54 0000008C E1A01289        LSL              r1, r9, #5  ; 32*Checksum
   55 00000090 E0811009        ADD              r1, r1, r9  ;32*checksum + chec
                                                            ksum
   56 00000094 E2544001        SUBS             r4, r4, #1  ; aprovechamos el s
                                                            alto condicional co
                                                            n el SUBS para ahor
                                                            rar un CMP, aunque 
                                                            el salto sera en ma
                                                            yoria tomado
   57 00000098 E0819003        ADD              r9, r1, r3  ; en checksum = 33*
                                                            checksum + y
   58 0000009C 8AFFFFE0        BHI              iniDense
   59 000000A0         finDense
   60 000000A0 E24DD02C        SUB              SP, SP, #44
   61 000000A4 E1A00009        MOV              r0, r9      ; movemos el checks
                                                            um a r0
   62 000000A8 E8BD4FF0        LDMIA            SP!, {r4-r11, LR}
   63 000000AC E12FFF1E        BX               LR
   64 000000B0         
   65 000000B0                 END
Command Line: --debug --xref --diag_suppress=9931 --apcs=interwork --depend=.\o
bjects\codigoarmoptimizado.d -o.\objects\codigoarmoptimizado.o -IC:\Keil_v5\ARM
\RV31\INC -IC:\Keil_v5\ARM\CMSIS\Include -IC:\Keil_v5\ARM\INC\Philips --predefi
ne="__EVAL SETA 1" --predefine="__UVISION_VERSION SETA 526" --list=.\listings\c
odigoarmoptimizado.lst codigoARMOptimizado.s



ARM Macro Assembler    Page 1 Alphabetic symbol ordering
Relocatable symbols

codigoOPT 00000000

Symbol: codigoOPT
   Definitions
      At line 1 in file codigoARMOptimizado.s
   Uses
      None
Comment: codigoOPT unused
dense_layer_q12_ARM_OPT 00000000

Symbol: dense_layer_q12_ARM_OPT
   Definitions
      At line 4 in file codigoARMOptimizado.s
   Uses
      At line 2 in file codigoARMOptimizado.s
Comment: dense_layer_q12_ARM_OPT used once
finDense 000000A0

Symbol: finDense
   Definitions
      At line 59 in file codigoARMOptimizado.s
   Uses
      At line 15 in file codigoARMOptimizado.s
Comment: finDense used once
finNeuron 00000068

Symbol: finNeuron
   Definitions
      At line 36 in file codigoARMOptimizado.s
   Uses
      At line 20 in file codigoARMOptimizado.s
Comment: finNeuron used once
iniDense 00000024

Symbol: iniDense
   Definitions
      At line 16 in file codigoARMOptimizado.s
   Uses
      At line 58 in file codigoARMOptimizado.s
Comment: iniDense used once
iniNeuron 00000038

Symbol: iniNeuron
   Definitions
      At line 22 in file codigoARMOptimizado.s
   Uses
      At line 35 in file codigoARMOptimizado.s
Comment: iniNeuron used once
6 symbols
338 symbols in table
