


ARM Macro Assembler    Page 1 


    1 00000000         ;===============================
    2 00000000         ; int16_t neuron_q12_THB{}
    3 00000000         ;===============================
    4 00000000                 AREA             thumbNeuron, CODE, READONLY
    5 00000000                 PRESERVE8
    6 00000000                 IMPORT           neuron_q12_THB
    7 00000000         dense_layer_q12_THB                  ;entrada a la funci
                                                            on, como ARM para h
                                                            acer un push claro 
                                                            y que consume menos
                                                             memoria y tiempo
    8 00000000 E92D4FF0        PUSH{r4-r11,     lr}
    9 00000004 E24DD004        SUB              r13, r13, #4 ;para preservar el
                                                             ATCPS, hay que dej
                                                            ar pila alineada a 
                                                            8 cuando se llamen 
                                                            a funciones(luego s
                                                            e apilan los 2 valo
                                                            res de neuron_THB)
   10 00000008 E28F4005        ADR              r4, saltoThumb+1
   11 0000000C E28D7028        ADD              r7, r13, #40 ;Para luego cargar
                                                             con facilidad los 
                                                            parametros que hace
                                                             falta leer de la p
                                                            ila de llamada a la
                                                             funcion
   12 00000010 E12FFF14        BX               r4
   13 00000014                 THUMB
   14 00000014         saltoThumb
   15 00000014         ;movemos a registros altos las direcciones iniciales de 
                       vectores, ya que se le pueden sumar otros registros para
                        calcular la siguiente 
   16 00000014         ;operacion, y asi moverlos a un registro bajo que machaq
                       ue su valor trayendo el valor que nos interesa del vecto
                       r
   17 00000014 4688            MOV              r8, r1      ;weigth
   18 00000016 4699            MOV              r9, r3      ;output
   19 00000018 CFF0            LDMIA            r7,{r4-r7}  ; cargamos los 4 pa
                                                            rametros de la func
                                                            ion que estaban en 
                                                            la pila
   20 0000001A 006D            LSLS             r5, r5, #1  ; outputSize * 2
   21 0000001C B4C0            PUSH{r6-r7}                  ; apilamos los clam
                                                            ps para llamar a ne
                                                            uron
   22 0000001E 46AB            MOV              r11, r5     ; movemos el output
                                                            size*2 a r11, regis
                                                            tro alto
   23 00000020 2500            MOVS             r5, #0
   24 00000022 2600            MOVS             r6, #0
   25 00000024 0017            MOVS             r7, r2      ; movemos a r7 el v
                                                            ector bias
   26 00000026 0022            MOVS             r2, r4      ; movemos a r2 el i
                                                            nput_size
   27 00000028         
   28 00000028         ;-----r0 = input, r1 = futuro weigth_o, r2 = input_size,
                        r3 = futuro bias[o], r4 = libre, r5 = o, 
   29 00000028         ;-----r6 = checksum, r7 = vector bias, r8 = matriz weigt
                       h, r9 = vector output, r10 = libre, 



ARM Macro Assembler    Page 2 


   30 00000028         ;-----r11 = outputSize*2
   31 00000028         
   32 00000028         bucFor
   33 00000028 455D            CMP              r5, r11     ; for o < outputSiz
                                                            e
   34 0000002A DA14            BGE              finBucFor
   35 0000002C         
   36 0000002C 0011            MOVS             r1, r2      ; para hacer el inp
                                                            utSize*o, copiamos 
                                                            inputSize aqui
   37 0000002E 4369            MULS             r1, r5, r1  ; se realiza el inp
                                                            utSize*o, luego hab
                                                            ria que realizar un
                                                             *2 para obtener la
                                                             direccion alineada
                                                             a shor int, pero l
                                                            a o ya esta multipl
                                                            icada por 2 de base
                                                            
   38 00000030 5F7B            LDRSH            r3, [r7, r5] ; vector bias mas 
                                                            offset de la o
   39 00000032 4441            ADD              r1, r8      ; direccion del vec
                                                            tor weigths corresp
                                                            ondiente a "o"
   40 00000034 4682            MOV              r10, r0     ; movemos la direcc
                                                            ion de input a r4 p
                                                            ara que se guarde e
                                                            l estado
   41 00000036 0014            MOVS             r4, r2      ; movemos input_siz
                                                            e a r, para lo mism
                                                            o
   42 00000038 F7FF FFFE       BL               neuron_q12_THB ;--r0 = y; r4 y 
                                                            r7 no tocarlos; sol
                                                            o tocar r0 y r2
   43 0000003C 4649            MOV              r1, r9      ;vector output, ya 
                                                            incrementado de 2 e
                                                            n 2
   44 0000003E 0172            LSLS             r2, r6, #5  ; checksum*32 en r2
                                                            
   45 00000040 2302            MOVS             r3, #2      ;para incrementar d
                                                            e 2 en 2 la o, no h
                                                            ay registros sufici
                                                            entes para guardar 
                                                            todo bien *EXPLICAR
                                                             EN LA MEMORIA
   46 00000042 8008            STRH             r0, [r1]    ; se guarda el resu
                                                            ltado de la "y" en 
                                                            el vector output
   47 00000044 0400            LSLS             r0, r0, #16 ; para pasar el val
                                                            or de signed a unsi
                                                            gned
   48 00000046 18B6            ADDS             r6, r6, r2  ; en checksum, guar
                                                            damos checksum*32+c
                                                            hecksum
   49 00000048 0022            MOVS             r2, r4      ;este y el r0, r10;
                                                             sirven para recupe
                                                            rar el estado anter
                                                            ior a la llamada a 
                                                            la funcion



ARM Macro Assembler    Page 3 


   50 0000004A 0C01            LSRS             r1, r0, #16 ;terminamos la conv
                                                            ersion a unsigned
   51 0000004C 4650            MOV              r0, r10
   52 0000004E 18ED            ADDS             r5, r3      ; la o += 2
   53 00000050 4499            ADD              r9, r3      ; el output increme
                                                            nta en 2
   54 00000052 1876            ADDS             r6, r6, r1  ; checksum*33 + y 
   55 00000054         
   56 00000054 E7E8            B                bucFor
   57 00000056         finBucFor
   58 00000056 B003            ADD              SP, #12     ;desapilamos los 2 
                                                            parametros clampmin
                                                             y max, que pasabam
                                                            os a la neurona, fu
                                                            era del bucle para 
                                                            optimizar, y el hue
                                                            co de 4 para alinea
                                                            r
   59 00000058 0030            MOVS             r0, r6
   60 0000005A A101            ADR              r1, saltoARM
   61 0000005C 4708            BX               r1
   62 0000005E 00 00           ARM
   63 00000060         saltoARM
   64 00000060 E8BD8FF0        POP{r4-r11,      PC}
   65 00000064                 EXPORT           dense_layer_q12_THB
   66 00000064         
   67 00000064                 END
Command Line: --debug --xref --diag_suppress=9931 --apcs=interwork --depend=.\o
bjects\dense_layer_q12_thb.d -o.\objects\dense_layer_q12_thb.o -IC:\Keil_v5\ARM
\RV31\INC -IC:\Keil_v5\ARM\CMSIS\Include -IC:\Keil_v5\ARM\INC\Philips --predefi
ne="__EVAL SETA 1" --predefine="__UVISION_VERSION SETA 526" --list=.\listings\d
ense_layer_q12_thb.lst dense_layer_q12_THB.s



ARM Macro Assembler    Page 1 Alphabetic symbol ordering
Relocatable symbols

bucFor 00000028

Symbol: bucFor
   Definitions
      At line 32 in file dense_layer_q12_THB.s
   Uses
      At line 56 in file dense_layer_q12_THB.s
Comment: bucFor used once
dense_layer_q12_THB 00000000

Symbol: dense_layer_q12_THB
   Definitions
      At line 7 in file dense_layer_q12_THB.s
   Uses
      At line 65 in file dense_layer_q12_THB.s
Comment: dense_layer_q12_THB used once
finBucFor 00000056

Symbol: finBucFor
   Definitions
      At line 57 in file dense_layer_q12_THB.s
   Uses
      At line 34 in file dense_layer_q12_THB.s
Comment: finBucFor used once
saltoARM 00000060

Symbol: saltoARM
   Definitions
      At line 63 in file dense_layer_q12_THB.s
   Uses
      At line 60 in file dense_layer_q12_THB.s
Comment: saltoARM used once
saltoThumb 00000014

Symbol: saltoThumb
   Definitions
      At line 14 in file dense_layer_q12_THB.s
   Uses
      At line 10 in file dense_layer_q12_THB.s
Comment: saltoThumb used once
thumbNeuron 00000000

Symbol: thumbNeuron
   Definitions
      At line 4 in file dense_layer_q12_THB.s
   Uses
      None
Comment: thumbNeuron unused
6 symbols



ARM Macro Assembler    Page 1 Alphabetic symbol ordering
External symbols

neuron_q12_THB 00000000

Symbol: neuron_q12_THB
   Definitions
      At line 6 in file dense_layer_q12_THB.s
   Uses
      At line 42 in file dense_layer_q12_THB.s
Comment: neuron_q12_THB used once
1 symbol
339 symbols in table
