


ARM Macro Assembler    Page 1 


    1 00000000         ;===============================
    2 00000000         ; int16_t neuron_q12_THB{}
    3 00000000         ;===============================
    4 00000000         
    5 00000000                 AREA             thumbNeuron, CODE, READONLY
    6 00000000                 PRESERVE8
    7 00000000                 THUMB
    8 00000000         neuron_q12_THB
    9 00000000 B4F0            PUSH{r4-r7}                  ; -----PILAAAAA
   10 00000002 466F            MOV              r7, r13
   11 00000004 0052            LSLS             r2, r2, #1  ;Usado para increme
                                                            ntar vector en thum
                                                            b, ademas de ser el
                                                             maximo * 2(para no
                                                             tener un increment
                                                            ador y un cintador 
                                                            de iteraciones)
   12 00000006 3710            ADDS             r7, r7, #16
   13 00000008 2400            MOVS             r4, #0
   14 0000000A         ;MOV r8, r6
   15 0000000A         ;MOV r9, r7
   16 0000000A         ;r0 = input, r1 = weights, r2 = n, r3 = bias, r8 = min, 
                       r9 = max
   17 0000000A         ;min, max y n solo se usaran para comparaciones, se pued
                       en mover a registros high, y dejar los low disponibles p
                       ara operar
   18 0000000A 031B            LSLS             r3, r3, #12 ; bias no se vuelve
                                                             a utilizar, r3 pas
                                                            a a ser acc
   19 0000000C         bucMul
   20 0000000C 4294            CMP              r4, r2
   21 0000000E DA05            BGE              finBucMul
   22 00000010         
   23 00000010 5F05            LDRSH            r5, [r0, r4]
   24 00000012 5F0E            LDRSH            r6, [r1, r4]
   25 00000014 3402            ADDS             r4, #2
   26 00000016 4375            MULS             r5, r6, r5
   27 00000018 195B            ADDS             r3, r3, r5
   28 0000001A         
   29 0000001A E7F7            B                bucMul
   30 0000001C         finBucMul
   31 0000001C CF60            LDMIA            r7!, {r5-r6}
   32 0000001E 131B            ASRS             r3,r3, #12
   33 00000020         ;-----CLAMP INLINE
   34 00000020 42AB            CMP              r3, r5
   35 00000022 DB02            BLT              retLow
   36 00000024 42B3            CMP              r3, r6
   37 00000026 DC02            BGT              retHigh
   38 00000028         ;--Sin saturar
   39 00000028 E002            B                finalClamp
   40 0000002A         retLow
   41 0000002A 002B            MOVS             r3, r5
   42 0000002C E000            B                finalClamp
   43 0000002E         ;---Return low
   44 0000002E         retHigh
   45 0000002E 0033            MOVS             r3, r6
   46 00000030         ;---Return high
   47 00000030         finalClamp
   48 00000030 0018            MOVS             r0, r3



ARM Macro Assembler    Page 2 


   49 00000032 BCF0            POP{r4-r7}
   50 00000034 4770            BX               LR
   51 00000036         
   52 00000036                 EXPORT           neuron_q12_THB
   53 00000036         
   54 00000036                 END
Command Line: --debug --xref --diag_suppress=9931 --apcs=interwork --depend=.\o
bjects\neuron_q12_thb.d -o.\objects\neuron_q12_thb.o -IC:\Keil_v5\ARM\RV31\INC 
-IC:\Keil_v5\ARM\CMSIS\Include -IC:\Keil_v5\ARM\INC\Philips --predefine="__EVAL
 SETA 1" --predefine="__UVISION_VERSION SETA 526" --list=.\listings\neuron_q12_
thb.lst neuron_q12_THB.s



ARM Macro Assembler    Page 1 Alphabetic symbol ordering
Relocatable symbols

bucMul 0000000C

Symbol: bucMul
   Definitions
      At line 19 in file neuron_q12_THB.s
   Uses
      At line 29 in file neuron_q12_THB.s
Comment: bucMul used once
finBucMul 0000001C

Symbol: finBucMul
   Definitions
      At line 30 in file neuron_q12_THB.s
   Uses
      At line 21 in file neuron_q12_THB.s
Comment: finBucMul used once
finalClamp 00000030

Symbol: finalClamp
   Definitions
      At line 47 in file neuron_q12_THB.s
   Uses
      At line 39 in file neuron_q12_THB.s
      At line 42 in file neuron_q12_THB.s

neuron_q12_THB 00000000

Symbol: neuron_q12_THB
   Definitions
      At line 8 in file neuron_q12_THB.s
   Uses
      At line 52 in file neuron_q12_THB.s
Comment: neuron_q12_THB used once
retHigh 0000002E

Symbol: retHigh
   Definitions
      At line 44 in file neuron_q12_THB.s
   Uses
      At line 37 in file neuron_q12_THB.s
Comment: retHigh used once
retLow 0000002A

Symbol: retLow
   Definitions
      At line 40 in file neuron_q12_THB.s
   Uses
      At line 35 in file neuron_q12_THB.s
Comment: retLow used once
thumbNeuron 00000000

Symbol: thumbNeuron
   Definitions
      At line 5 in file neuron_q12_THB.s
   Uses
      None
Comment: thumbNeuron unused
7 symbols
339 symbols in table
